CLOSURE_START n=64 budget_s=110.0
CLOSURE_PROGRESS 1/64 ok=True last=f1q.dev.block.v2/fam.green_pit_high.tyre_near_linear.traffic_dense/0000/episode/00/SC elapsed=1.3
CLOSURE_PROGRESS 2/64 ok=True last=f1q.dev.block.v2/fam.green_pit_high.tyre_near_linear.traffic_dense/0000/episode/01/SC elapsed=2.7
CLOSURE_PROGRESS 3/64 ok=True last=f1q.dev.block.v2/fam.green_pit_high.tyre_near_linear.traffic_dense/0000/episode/02/SC elapsed=3.8
CLOSURE_PROGRESS 4/64 ok=True last=f1q.dev.block.v2/fam.green_pit_high.tyre_near_linear.traffic_dense/0000/episode/03/SC elapsed=5.1
CLOSURE_PROGRESS 5/64 ok=True last=f1q.dev.block.v2/fam.green_pit_high.tyre_near_linear.traffic_dense/0000/episode/04/VSC elapsed=6.2
CLOSURE_PROGRESS 6/64 ok=True last=f1q.dev.block.v2/fam.green_pit_high.tyre_near_linear.traffic_dense/0000/episode/05/VSC elapsed=7.3
CLOSURE_PROGRESS 7/64 ok=True last=f1q.dev.block.v2/fam.green_pit_high.tyre_near_linear.traffic_dense/0000/episode/06/VSC elapsed=8.6
CLOSURE_PROGRESS 8/64 ok=True last=f1q.dev.block.v2/fam.green_pit_high.tyre_near_linear.traffic_dense/0000/episode/07/VSC elapsed=9.8
CLOSURE_PROGRESS 9/64 ok=True last=f1q.dev.block.v2/fam.green_pit_high.tyre_near_linear.traffic_sparse/0001/episode/00/SC elapsed=10.8
CLOSURE_PROGRESS 10/64 ok=True last=f1q.dev.block.v2/fam.green_pit_high.tyre_near_linear.traffic_sparse/0001/episode/01/SC elapsed=11.7
CLOSURE_PROGRESS 11/64 ok=True last=f1q.dev.block.v2/fam.green_pit_high.tyre_near_linear.traffic_sparse/0001/episode/02/SC elapsed=14.4
CLOSURE_PROGRESS 12/64 ok=True last=f1q.dev.block.v2/fam.green_pit_high.tyre_near_linear.traffic_sparse/0001/episode/03/SC elapsed=17.3
CLOSURE_PROGRESS 13/64 ok=True last=f1q.dev.block.v2/fam.green_pit_high.tyre_near_linear.traffic_sparse/0001/episode/04/VSC elapsed=17.8
CLOSURE_PROGRESS 14/64 ok=True last=f1q.dev.block.v2/fam.green_pit_high.tyre_near_linear.traffic_sparse/0001/episode/05/VSC elapsed=18.4
CLOSURE_PROGRESS 15/64 ok=True last=f1q.dev.block.v2/fam.green_pit_high.tyre_near_linear.traffic_sparse/0001/episode/06/VSC elapsed=19.2
CLOSURE_PROGRESS 16/64 ok=True last=f1q.dev.block.v2/fam.green_pit_high.tyre_near_linear.traffic_sparse/0001/episode/07/VSC elapsed=20.0
CLOSURE_PROGRESS 17/64 ok=True last=f1q.dev.block.v2/fam.green_pit_high.tyre_nonlinear.traffic_dense/0002/episode/00/SC elapsed=21.0
CLOSURE_PROGRESS 18/64 ok=True last=f1q.dev.block.v2/fam.green_pit_high.tyre_nonlinear.traffic_dense/0002/episode/01/SC elapsed=22.4
CLOSURE_PROGRESS 19/64 ok=True last=f1q.dev.block.v2/fam.green_pit_high.tyre_nonlinear.traffic_dense/0002/episode/02/SC elapsed=23.6
CLOSURE_PROGRESS 20/64 ok=True last=f1q.dev.block.v2/fam.green_pit_high.tyre_nonlinear.traffic_dense/0002/episode/03/SC elapsed=24.8
CLOSURE_PROGRESS 21/64 ok=True last=f1q.dev.block.v2/fam.green_pit_high.tyre_nonlinear.traffic_dense/0002/episode/04/VSC elapsed=26.1
CLOSURE_PROGRESS 22/64 ok=True last=f1q.dev.block.v2/fam.green_pit_high.tyre_nonlinear.traffic_dense/0002/episode/05/VSC elapsed=27.3
CLOSURE_PROGRESS 23/64 ok=True last=f1q.dev.block.v2/fam.green_pit_high.tyre_nonlinear.traffic_dense/0002/episode/06/VSC elapsed=28.4
CLOSURE_PROGRESS 24/64 ok=True last=f1q.dev.block.v2/fam.green_pit_high.tyre_nonlinear.traffic_dense/0002/episode/07/VSC elapsed=29.8
CLOSURE_PROGRESS 25/64 ok=True last=f1q.dev.block.v2/fam.green_pit_high.tyre_nonlinear.traffic_sparse/0003/episode/00/SC elapsed=31.7
CLOSURE_PROGRESS 26/64 ok=True last=f1q.dev.block.v2/fam.green_pit_high.tyre_nonlinear.traffic_sparse/0003/episode/01/SC elapsed=35.4
CLOSURE_PROGRESS 27/64 ok=True last=f1q.dev.block.v2/fam.green_pit_high.tyre_nonlinear.traffic_sparse/0003/episode/02/SC elapsed=37.4
CLOSURE_PROGRESS 28/64 ok=True last=f1q.dev.block.v2/fam.green_pit_high.tyre_nonlinear.traffic_sparse/0003/episode/03/SC elapsed=39.1
CLOSURE_PROGRESS 29/64 ok=True last=f1q.dev.block.v2/fam.green_pit_high.tyre_nonlinear.traffic_sparse/0003/episode/04/VSC elapsed=42.7
CLOSURE_PROGRESS 30/64 ok=True last=f1q.dev.block.v2/fam.green_pit_high.tyre_nonlinear.traffic_sparse/0003/episode/05/VSC elapsed=44.5
CLOSURE_PROGRESS 31/64 ok=True last=f1q.dev.block.v2/fam.green_pit_high.tyre_nonlinear.traffic_sparse/0003/episode/06/VSC elapsed=46.3
CLOSURE_PROGRESS 32/64 ok=True last=f1q.dev.block.v2/fam.green_pit_high.tyre_nonlinear.traffic_sparse/0003/episode/07/VSC elapsed=48.3
CLOSURE_PROGRESS 33/64 ok=True last=f1q.dev.block.v2/fam.green_pit_low.tyre_near_linear.traffic_dense/0004/episode/00/SC elapsed=49.7
CLOSURE_PROGRESS 34/64 ok=True last=f1q.dev.block.v2/fam.green_pit_low.tyre_near_linear.traffic_dense/0004/episode/01/SC elapsed=50.8
CLOSURE_PROGRESS 35/64 ok=True last=f1q.dev.block.v2/fam.green_pit_low.tyre_near_linear.traffic_dense/0004/episode/02/SC elapsed=52.1
CLOSURE_PROGRESS 36/64 ok=True last=f1q.dev.block.v2/fam.green_pit_low.tyre_near_linear.traffic_dense/0004/episode/03/SC elapsed=53.6
CLOSURE_PROGRESS 37/64 ok=True last=f1q.dev.block.v2/fam.green_pit_low.tyre_near_linear.traffic_dense/0004/episode/04/VSC elapsed=55.1
CLOSURE_PROGRESS 38/64 ok=True last=f1q.dev.block.v2/fam.green_pit_low.tyre_near_linear.traffic_dense/0004/episode/05/VSC elapsed=56.6
CLOSURE_PROGRESS 39/64 ok=True last=f1q.dev.block.v2/fam.green_pit_low.tyre_near_linear.traffic_dense/0004/episode/06/VSC elapsed=57.7
CLOSURE_PROGRESS 40/64 ok=True last=f1q.dev.block.v2/fam.green_pit_low.tyre_near_linear.traffic_dense/0004/episode/07/VSC elapsed=58.9
CLOSURE_PROGRESS 41/64 ok=True last=f1q.dev.block.v2/fam.green_pit_low.tyre_near_linear.traffic_sparse/0005/episode/00/SC elapsed=60.8
CLOSURE_PROGRESS 42/64 ok=True last=f1q.dev.block.v2/fam.green_pit_low.tyre_near_linear.traffic_sparse/0005/episode/01/SC elapsed=64.7
CLOSURE_PROGRESS 43/64 ok=True last=f1q.dev.block.v2/fam.green_pit_low.tyre_near_linear.traffic_sparse/0005/episode/02/SC elapsed=66.6
CLOSURE_PROGRESS 44/64 ok=True last=f1q.dev.block.v2/fam.green_pit_low.tyre_near_linear.traffic_sparse/0005/episode/03/SC elapsed=68.4
CLOSURE_PROGRESS 45/64 ok=True last=f1q.dev.block.v2/fam.green_pit_low.tyre_near_linear.traffic_sparse/0005/episode/04/VSC elapsed=70.2
CLOSURE_PROGRESS 46/64 ok=True last=f1q.dev.block.v2/fam.green_pit_low.tyre_near_linear.traffic_sparse/0005/episode/05/VSC elapsed=72.3
CLOSURE_PROGRESS 47/64 ok=True last=f1q.dev.block.v2/fam.green_pit_low.tyre_near_linear.traffic_sparse/0005/episode/06/VSC elapsed=74.1
CLOSURE_PROGRESS 48/64 ok=True last=f1q.dev.block.v2/fam.green_pit_low.tyre_near_linear.traffic_sparse/0005/episode/07/VSC elapsed=76.0
CLOSURE_PROGRESS 49/64 ok=True last=f1q.dev.block.v2/fam.green_pit_low.tyre_nonlinear.traffic_dense/0006/episode/00/SC elapsed=77.7
CLOSURE_PROGRESS 50/64 ok=True last=f1q.dev.block.v2/fam.green_pit_low.tyre_nonlinear.traffic_dense/0006/episode/01/SC elapsed=79.2
CLOSURE_PROGRESS 51/64 ok=True last=f1q.dev.block.v2/fam.green_pit_low.tyre_nonlinear.traffic_dense/0006/episode/02/SC elapsed=80.8
CLOSURE_PROGRESS 52/64 ok=True last=f1q.dev.block.v2/fam.green_pit_low.tyre_nonlinear.traffic_dense/0006/episode/03/SC elapsed=82.8
CLOSURE_PROGRESS 53/64 ok=True last=f1q.dev.block.v2/fam.green_pit_low.tyre_nonlinear.traffic_dense/0006/episode/04/VSC elapsed=84.7
CLOSURE_PROGRESS 54/64 ok=True last=f1q.dev.block.v2/fam.green_pit_low.tyre_nonlinear.traffic_dense/0006/episode/05/VSC elapsed=86.7
CLOSURE_PROGRESS 55/64 ok=True last=f1q.dev.block.v2/fam.green_pit_low.tyre_nonlinear.traffic_dense/0006/episode/06/VSC elapsed=88.3
CLOSURE_PROGRESS 56/64 ok=True last=f1q.dev.block.v2/fam.green_pit_low.tyre_nonlinear.traffic_dense/0006/episode/07/VSC elapsed=90.1
CLOSURE_PROGRESS 57/64 ok=True last=f1q.dev.block.v2/fam.green_pit_low.tyre_nonlinear.traffic_sparse/0007/episode/00/SC elapsed=93.7
CLOSURE_PROGRESS 58/64 ok=True last=f1q.dev.block.v2/fam.green_pit_low.tyre_nonlinear.traffic_sparse/0007/episode/01/SC elapsed=95.1
CLOSURE_PROGRESS 59/64 ok=True last=f1q.dev.block.v2/fam.green_pit_low.tyre_nonlinear.traffic_sparse/0007/episode/02/SC elapsed=96.6
CLOSURE_PROGRESS 60/64 ok=True last=f1q.dev.block.v2/fam.green_pit_low.tyre_nonlinear.traffic_sparse/0007/episode/03/SC elapsed=98.3
CLOSURE_PROGRESS 61/64 ok=True last=f1q.dev.block.v2/fam.green_pit_low.tyre_nonlinear.traffic_sparse/0007/episode/04/VSC elapsed=99.6
CLOSURE_PROGRESS 62/64 ok=True last=f1q.dev.block.v2/fam.green_pit_low.tyre_nonlinear.traffic_sparse/0007/episode/05/VSC elapsed=103.0
CLOSURE_PROGRESS 63/64 ok=True last=f1q.dev.block.v2/fam.green_pit_low.tyre_nonlinear.traffic_sparse/0007/episode/06/VSC elapsed=104.3
CLOSURE_PROGRESS 64/64 ok=True last=f1q.dev.block.v2/fam.green_pit_low.tyre_nonlinear.traffic_sparse/0007/episode/07/VSC elapsed=105.6
{"completed": 64, "elapsed_s": 105.70567633304745, "ok": false}
